 for give username:git config --global user.name "samrudhi kuwar"



samrudhi_kuwar@ELTP-JAVA-44 MINGW64 ~
$ git version
git version 2.20.1.windows.1

samrudhi_kuwar@ELTP-JAVA-44 MINGW64 ~
$ cd C:/samrudhi_kuwar/MyGitProject

samrudhi_kuwar@ELTP-JAVA-44 MINGW64 /c/samrudhi_kuwar/MyGitProject
$ dir
File1.txt  File1.txt.txt

samrudhi_kuwar@ELTP-JAVA-44 MINGW64 /c/samrudhi_kuwar/MyGitProject
$ ls
File1.txt  File1.txt.txt

samrudhi_kuwar@ELTP-JAVA-44 MINGW64 /c/samrudhi_kuwar/MyGitProject
$ gitconfig --global user.name "samrudhi kuwar"
bash: gitconfig: command not found

samrudhi_kuwar@ELTP-JAVA-44 MINGW64 /c/samrudhi_kuwar/MyGitProject
$ git config --global user.name "samrudhi kuwar"

samrudhi_kuwar@ELTP-JAVA-44 MINGW64 /c/samrudhi_kuwar/MyGitProject
$ git config --global user.email "samrudhikuwar@persistent.co.in"

samrudhi_kuwar@ELTP-JAVA-44 MINGW64 /c/samrudhi_kuwar/MyGitProject
$ git config user.name
samrudhi kuwar

samrudhi_kuwar@ELTP-JAVA-44 MINGW64 /c/samrudhi_kuwar/MyGitProject
$ ^C

samrudhi_kuwar@ELTP-JAVA-44 MINGW64 /c/samrudhi_kuwar/MyGitProject
$


samrudhi_kuwar@ELTP-JAVA-44 MINGW64 /c/samrudhi_kuwar/MyGitProject
$ git config user.name
samrudhi kuwar

samrudhi_kuwar@ELTP-JAVA-44 MINGW64 /c/samrudhi_kuwar/MyGitProject
$ ^C

samrudhi_kuwar@ELTP-JAVA-44 MINGW64 /c/samrudhi_kuwar/MyGitProject
$ git config --global core.notepad

samrudhi_kuwar@ELTP-JAVA-44 MINGW64 /c/samrudhi_kuwar/MyGitProject
$ git config --list
core.symlinks=false
core.autocrlf=true
core.fscache=true
color.diff=auto
color.status=auto
color.branch=auto
color.interactive=true
help.format=html
rebase.autosquash=true
http.sslcainfo=C:/Program Files/Git/mingw64/ssl/certs/ca-bundle.crt
http.sslbackend=openssl
diff.astextplain.textconv=astextplain
filter.lfs.clean=git-lfs clean -- %f
filter.lfs.smudge=git-lfs smudge -- %f
filter.lfs.process=git-lfs filter-process
filter.lfs.required=true
credential.helper=manager
user.name=samrudhi kuwar
user.email=samrudhikuwar@persistent.co.in

samrudhi_kuwar@ELTP-JAVA-44 MINGW64 /c/samrudhi_kuwar/MyGitProject
$ git init
Initialized empty Git repository in C:/samrudhi_kuwar/MyGitProject/.git/

samrudhi_kuwar@ELTP-JAVA-44 MINGW64 /c/samrudhi_kuwar/MyGitProject (master)
$ git status
On branch master

No commits yet

Untracked files:
  (use "git add <file>..." to include in what will be committed)

        File1.txt
        File1.txt.txt
        git commands.txt

nothing added to commit but untracked files present (use "git add" to track)

samrudhi_kuwar@ELTP-JAVA-44 MINGW64 /c/samrudhi_kuwar/MyGitProject (master)
$ git add File1.txt

samrudhi_kuwar@ELTP-JAVA-44 MINGW64 /c/samrudhi_kuwar/MyGitProject (master)
$ git status
On branch master

No commits yet

Changes to be committed:
  (use "git rm --cached <file>..." to unstage)

        new file:   File1.txt

Untracked files:
  (use "git add <file>..." to include in what will be committed)

        File1.txt.txt
        git commands.txt


samrudhi_kuwar@ELTP-JAVA-44 MINGW64 /c/samrudhi_kuwar/MyGitProject (master)
$ git commit -m "file1.txt is created to display date"
[master (root-commit) 0b98b3d] file1.txt is created to display date
 1 file changed, 1 insertion(+)
 create mode 100644 File1.txt

samrudhi_kuwar@ELTP-JAVA-44 MINGW64 /c/samrudhi_kuwar/MyGitProject (master)
$
